---
type: page
tags:
  - Berlin
---

also some content
\-\-\-
also\_not: frontmatter
\-\-\-

Start of the **HTML** Document.

# Title