<p>first [literal] brackets</p>
<p>then [one] way to escape</p>
<p>then [another] one</p>
<p>jmap â€“histo[:live]</p>
<p>[this should be escaped](http://test)</p>
<p>before: [this should be escaped](http://test) after</p>
<p>image ![alt](/img.png)</p>
