first \[literal\] brackets

then \[one\] way to escape

then \[another\] one

jmap â€“histo\[:live\]

\[this should be escaped\](http://test)

before: \[this should be escaped\](http://test) after

image !\[alt\](/img.png)