<p>The Go Programming Language</p>
<p>...</p>
<p><a href="/">The Go Programming Language</a></p>
<p><a href="/">Go</a></p>
<p>▽</p>
<p><a href="/doc/">Documents</a> <a href="/pkg/">Packages</a> <a href="/project/">The Project</a> <a href="/help/">Help</a> <a href="/blog/">Blog</a> <a href="http://play.golang.org/" title="Show Go Playground">Play</a> submit search</p>
<p>RunFormatShare</p>
<p>Pop-out</p>
<p>Try Go</p>
<pre><code>Hello, 世界

</code></pre>
<p>RunShare <a href="//tour.golang.org/" title="Learn Go from your browser">Tour</a></p>
<p>Hello, World!Conway's Game of LifeFibonacci ClosurePeano IntegersConcurrent piConcurrent Prime SievePeg Solitaire SolverTree Comparison</p>
<p>Go is an open source programming language that makes it easy to build
simple, reliable, and efficient software.</p>
<p><a href="/dl/">Download Go<br>
Binary distributions available for<br>
<br>
<br>
Linux, Mac OS X, Windows, and more.</a></p>
<p>Featured video</p>
<p>Featured articles</p>
<p><a href="//blog.golang.org/">Read more</a></p>
<p>Build version go1.10.2.</p>
<p>Except as <a href="https://developers.google.com/site-policies#restrictions">noted</a>,
the content of this page is licensed under the
Creative Commons Attribution 3.0 License,
and code is licensed under a <a href="/LICENSE">BSD license</a>.</p>
<p><a href="/doc/tos.html">Terms of Service</a> |
<a href="http://www.google.com/intl/en/policies/privacy/">Privacy Policy</a></p>
