<h1>Aktuelles</h1>
<p><a href="http://www.bonnerruderverein.de/wp-content/uploads/2015/09/BRV-abend.jpg" title="BRV-abend">BRV-abend</a></p>
<p>25 Mai</p>
<p><img src="http://www.bonnerruderverein.de/wp-content/uploads/2015/09/BRV-abend.jpg" alt=""></p>
<h3><a href="http://www.bonnerruderverein.de/bonner-nachtlauf/">9. Bonner Nachtlauf - Einschr√§nkungen am Bootshaus</a></h3>
<p>am Mittwoch, dem 30. Mai 2018 findet am Bonner Rheinufer der 9. ...
<a href="http://www.bonnerruderverein.de/bonner-nachtlauf/">More</a></p>
<hr>
<h1>Aktuelles</h1>
<h3><a href="some_url">Title</a></h3>
<p>Fusce dapibus, tellus ac cursus commodo, tortor mauris condimentum nibh, ut fermentum massa justo sit amet risus. Vestibulum id ligula porta felis euismod semper.
<a href="other_url">More</a></p>
