# Aktuelles

[Event Title](http://example.com/img.jpg "Event Title")

25 Mai

![](http://example.com/img.jpg)

### [Event Title](http://example.com/event)

Lorem ipsum dolor sit amet, consectetur adipiscing elit, sed do eiusmod tempor incididunt ut labore et dolore magna aliqua. ...
[More](http://example.com/event1)

* * *

# Aktuelles

### [Title](http://example.com/some_url)

Fusce dapibus, tellus ac cursus commodo, tortor mauris condimentum nibh, ut fermentum massa justo sit amet risus. Vestibulum id ligula porta felis euismod semper.
[More](http://example.com/other_url)