Some __Text__

Some __Text__

__Text__

Some __Text__

Some __Text.__

Some __Text__ Content

Some __Text.__

Some __Text__

#### 首付 _19,8万_ /  月供 _6339元X24_

\*\*Not Strong\*\*
\*\*Still Not
Strong\*\*