Some **Text**

Some **Text**

**Text**

Some **Text**

Some **Text.**

Some **Text** Content

Some **Text.**

Some **Text**

#### 首付 _19,8万_ /  月供 _6339元X24_

\*\*Not Strong\*\*
\*\*Still Not
Strong\*\*