<ul>
<li>Some Thing</li>
<li>Another Thing</li>
</ul>
<ol>
<li>
<p>First Thing</p>
</li>
<li>
<p>Second Thing</p>
</li>
<li>
<p>1</p>
</li>
<li>
<p>2</p>
</li>
<li>
<p>3</p>
</li>
<li>
<p>4</p>
</li>
<li>
<p>5</p>
</li>
<li>
<p>6</p>
</li>
<li>
<p>7</p>
</li>
<li>
<p>8</p>
</li>
<li>
<p>9</p>
</li>
<li>
<p>10</p>
</li>
<li>
<p>11</p>
</li>
<li>
<p>12</p>
</li>
<li>
<p>13</p>
</li>
<li>
<p>14</p>
</li>
<li>
<p>15</p>
</li>
<li>
<p>First Thing</p>
<ul>
<li>Some Thing</li>
<li>Another Thing</li>
</ul>
</li>
<li>
<p>Second Thing</p>
</li>
</ol>
<ul>
<li>
<p>foo</p>
</li>
<li>
<p>bar</p>
</li>
<li>
<p>List items</p>
</li>
<li>
<p>Ending with</p>
</li>
<li>
<p>A space</p>
</li>
<li>
<p>Indent First Thing</p>
<p>Second Thing</p>
</li>
<li>
<p>Third Thing</p>
</li>
</ul>
<p>- Not List</p>
<p>1. Not List 1. Not List
1. Not List</p>
