+ Some Thing
+ Another Thing

1. First Thing
2. Second Thing

1. 1
2. 2
3. 3
4. 4
5. 5
6. 6
7. 7
8. 8
9. 9
10. 10
11. 11
12. 12
13. 13
14. 14
15. 15

1. First Thing
    + Some Thing
    + Another Thing
2. Second Thing

+ foo
+ bar

+ List items
+ Ending with
+ A space

+  Indent First Thing

    Second Thing

+ Third Thing

\- Not List

1\. Not List 1. Not List
1\. Not List