- Some Thing
- Another Thing

1. First Thing
2. Second Thing

01. 1
02. 2
03. 3
04. 4
05. 5
06. 6
07. 7
08. 8
09. 9
10. 10
11. 11
12. 12
13. 13
14. 14
15. 15
19. 16
20. 17
21. 18
22. 19
23. 20
24. ![](http://example.com/example.png)
25. 22

- Link:[example](https://example.com) works
- Link:
  [example](https://example.com)
   works


1. First Thing
   - Some Thing
   - Another Thing
2. Second Thing

- foo
- bar

- List items
- Ending with
- A space

- Indent First Thing

  Second Thing

- Third Thing

\- Not List

1\. Not List 1. Not List
1\. Not List

1. A paragraph
    with two lines.


   ```
   indented code
   ```



   > A block quote.