Some _Text_

Some _Text_

Some _Text_

_DoubleItalic_

Some _19,80â‚¬_ Text

_Content_ and no space afterward.