Some _Text_

Some _Text_

Some _Text_

_DoubleItalic_

Some _19,80€_ Text

_Content_ and no space afterward.

\_Not Italic\_

_First_

_Second_

_Text und Fotos: Max Mustermann_

_Original veröffentlicht am 01.01.2021 auf_ [Zeitung](http://example.com/posts/100979)

_Übersetzung: Max Mustermann_

_veröffentlicht am 02.02.2021_