Some *Text*

Some *Text*

Some *Text*

*DoubleItalic*

Some *19,80â‚¬* Text

*Content* and no space afterward.

\_Not Italic\_