With \| Character

| Firstname | With \| Character | Age |
| --- | --- | --- |
| Jill | Smith | 50 |
| Eve | Jackson | 94 |