<p>+++
food: Pizza
+++</p>
<h1>{{ page.food }}</h1>
