Some ~~Strikethrough~~ Text

Only ~~blue ones~~ ~~left~~

Some ~~Strikethrough~~ Text