[![](http://example.com/image/profile.jpg)Max Mustermann @max\
\
Lorem ipsum dolor sit amet, consectetur adipiscing elit, sed do eiusmod tempor incididunt ut labore et dolore magna aliqua. \
![](http://example.com/img.jpg)\
\
June 12th 2020\
\
17 Retweets93 Likes](http://example.com/status/1)