<h1>Heading 1</h1>
<h2>Heading 2</h2>
<h3>Heading 3</h3>
<h4>Heading 4</h4>
<h5>Heading 5</h5>
<h6>Heading 6</h6>
<p>Heading 7</p>
<h2>Heading with Whitespace</h2>
<h2>Header Containing  Newlines</h2>
<h1>Heading    One</h1>
<p><a href="/page.html"><strong>Heading 2</strong></a></p>
<h1>#hashtag</h1>
<p>not title
------</p>
<h2>not title</h2>
<p>not title</p>
<ul>
<li></li>
</ul>
<h1>not title</h1>
<p>not title
\-\-\-</p>
