<p>1. xxx</p>
<p>2. xxxx</p>
<p>3. xxx</p>
<p><img src="http://xxx" alt=""></p>
<p>4. golang</p>
<p>a. xx</p>
<p>b. xx</p>
