<ul>
<li>
<p>foo</p>
<ul>
<li>bar
<ul>
<li>baz
<ul>
<li>boo</li>
</ul>
</li>
</ul>
</li>
</ul>
</li>
<li>
<p>Coffee</p>
</li>
<li>
<p>Tea</p>
<ul>
<li>Black tea</li>
<li>Green tea</li>
</ul>
</li>
<li>
<p>Milk</p>
</li>
</ul>
<h1>header1</h1>
<ul>
<li>Bullet list
<ul>
<li>Nested bullet
<ul>
<li>Sub-nested bullet etc</li>
</ul>
</li>
</ul>
</li>
<li>Bullet list item 2</li>
</ul>
