+ foo
     + bar
         + baz
             + boo

+ Coffee
+ Tea
    + Black tea
    + Green tea
+ Milk

# header1

+ Bullet list
    + Nested bullet
        + Sub-nested bullet etc
+ Bullet list item 2