[**\#zuhause\_jul20**\
 Remote\
\
\
Datum\
\
\
 31.07. - 02.08.20\
 \
\
\
Uhrzeit\
\
\
 Fr 15 Uhr - So 19 Uhr\
 \
\
\
 Details anzeigen â†’](https://code.design/events/zuhause_jul20)