[first](http://first.com) [second](http://second.com)