- [First Text\
    \
    \
    Second Text](http://commonmark.org/)