[First Text\
![](xxx)\
Second Text](http://commonmark.org/)