[![](https://cdn.substack.com/image/twitter_name/w_36/kroger.jpg)Kroger @kroger\
As a company, itâ€™s our responsibility to better support our Black associates, customers and allies. We know there is more work to do and will keep you updated on our progress, this is only the beginning. Black Lives Matter. \
![](https://cdn.substack.com/image/fetch/w_600,c_limit,f_auto,q_auto:good,fl_progressive:steep/https%3A%2F%2Fpbs.substack.com%2Fmedia%2FEaVVy4aXsAglkCk.jpg)\
\
June 12th 2020\
\
17 Retweets93 Likes](https://twitter.com/kroger/status/1271516803756425218)