<p>One of the most common equations in all of physics is
E=mc2.</p>
<p>The ordinal number &quot;fifth&quot; can be abbreviated in various languages as follows:</p>
<ul>
<li>English: 5th</li>
<li>French: 5Ã¨me</li>
</ul>
