<h1>---title---</h1>
<p>---
type: page
tags:
- Berlin
---</p>
