# ---title---

\-\-\-
type: page
tags:
 \- Berlin
\-\-\-