- [x] Checked!

- [ ] Check Me!

- [ ] Check Me B
- [ ] Check Me C
- - [ ] Check Nested 1
    - [ ] Check Nested 2
- [ ] Check Me D
     - [ ] Check Nested 1
    - [ ] Check Nested 2