| Firstname | Lastname | Age |
| --- | --- | --- |
| Jill | Smith | 50 |
| Eve | Jackson | 94 |